// Jest Snapshot v1, https://goo.gl/fbAQLP

exports[`redux should render corecttly! MotoEdit should work properly! 1`] = `
<ContextProvider
  value={
    Object {
      "store": Object {
        "clearActions": [Function],
        "dispatch": [Function],
        "getActions": [Function],
        "getState": [Function],
        "replaceReducer": [Function],
        "subscribe": [Function],
      },
      "subscription": Subscription {
        "handleChangeWrapper": [Function],
        "listeners": Object {
          "notify": [Function],
        },
        "onStateChange": [Function],
        "parentSub": undefined,
        "store": Object {
          "clearActions": [Function],
          "dispatch": [Function],
          "getActions": [Function],
          "getState": [Function],
          "replaceReducer": [Function],
          "subscribe": [Function],
        },
        "unsubscribe": null,
      },
    }
  }
>
  <Connect(Component) />
</ContextProvider>
`;

exports[`redux should render corecttly! checks for html changes in MotoEDitForm 1`] = `
<Fragment>
  <br />
  <label>
    <strong>
      Price
    </strong>
  </label>
  <br />
  <input
    name="price"
    type="number"
    value=""
  />
  <br />
  <label>
    <strong>
      Model
    </strong>
  </label>
  <input
    name="model"
    type="text"
    value=""
  />
  <label>
    <strong>
      Moto URL
    </strong>
  </label>
  <input
    name="image"
    type="text"
    value=""
  />
  <label>
    <strong>
      Description
    </strong>
  </label>
  <textarea
    name="description"
    value=""
  />
  <input
    type="submit"
    value="Edit"
  />
</Fragment>
`;
