// Jest Snapshot v1, https://goo.gl/fbAQLP

exports[`redux should render corecttly! VideoCreate should work properly! 1`] = `
<ContextProvider
  value={
    Object {
      "store": Object {
        "clearActions": [Function],
        "dispatch": [Function],
        "getActions": [Function],
        "getState": [Function],
        "replaceReducer": [Function],
        "subscribe": [Function],
      },
      "subscription": Subscription {
        "handleChangeWrapper": [Function],
        "listeners": Object {
          "notify": [Function],
        },
        "onStateChange": [Function],
        "parentSub": undefined,
        "store": Object {
          "clearActions": [Function],
          "dispatch": [Function],
          "getActions": [Function],
          "getState": [Function],
          "replaceReducer": [Function],
          "subscribe": [Function],
        },
        "unsubscribe": null,
      },
    }
  }
>
  <Connect(Component) />
</ContextProvider>
`;

exports[`redux should render corecttly! VideoPost should work properly! 1`] = `
<ContextProvider
  value={
    Object {
      "store": Object {
        "clearActions": [Function],
        "dispatch": [Function],
        "getActions": [Function],
        "getState": [Function],
        "replaceReducer": [Function],
        "subscribe": [Function],
      },
      "subscription": Subscription {
        "handleChangeWrapper": [Function],
        "listeners": Object {
          "notify": [Function],
        },
        "onStateChange": [Function],
        "parentSub": undefined,
        "store": Object {
          "clearActions": [Function],
          "dispatch": [Function],
          "getActions": [Function],
          "getState": [Function],
          "replaceReducer": [Function],
          "subscribe": [Function],
        },
        "unsubscribe": null,
      },
    }
  }
>
  <Connect(Component) />
</ContextProvider>
`;

exports[`redux should render corecttly! checks for html changes in Video 1`] = `
<li
  className="list-group-item"
>
  <h5
    className="mb-1"
  >
    <strong />
  </h5>
  <span
    className="float-right"
  >
    <span>
       views  
    </span>
    <Link
      to="play/undefined"
    >
      <button
        className="btn btn-secondary"
      >
        Play
      </button>
    </Link>
  </span>
</li>
`;
