// Jest Snapshot v1, https://goo.gl/fbAQLP

exports[`redux should render corecttly! MotoCreate should work properly! 1`] = `
<ContextProvider
  value={
    Object {
      "store": Object {
        "clearActions": [Function],
        "dispatch": [Function],
        "getActions": [Function],
        "getState": [Function],
        "replaceReducer": [Function],
        "subscribe": [Function],
      },
      "subscription": Subscription {
        "handleChangeWrapper": [Function],
        "listeners": Object {
          "notify": [Function],
        },
        "onStateChange": [Function],
        "parentSub": undefined,
        "store": Object {
          "clearActions": [Function],
          "dispatch": [Function],
          "getActions": [Function],
          "getState": [Function],
          "replaceReducer": [Function],
          "subscribe": [Function],
        },
        "unsubscribe": null,
      },
    }
  }
>
  <Connect(Component) />
</ContextProvider>
`;

exports[`redux should render corecttly! checks for html changes in MotoCreateForm 1`] = `
<div>
  <h1>
    Add Moto
  </h1>
  <div
    className="form motoo"
  >
    <form>
      <SelectControl />
      <br />
      <label>
        <strong>
          Price
        </strong>
      </label>
      <br />
      <input
        name="price"
        type="number"
      />
      <br />
      <label>
        <strong>
          Model
        </strong>
      </label>
      <input
        name="model"
        type="text"
      />
      <label>
        <strong>
          Image URL
        </strong>
      </label>
      <input
        name="image"
        type="text"
      />
      <label>
        <strong>
          Description
        </strong>
      </label>
      <textarea
        name="description"
      />
      <input
        type="submit"
        value="Create"
      />
    </form>
  </div>
</div>
`;

exports[`redux should render corecttly! checks for html changes in SelectControl 1`] = `
<div>
  <label
    htmlFor="category"
  >
    <strong>
      City
    </strong>
  </label>
  <select
    id="category"
    name="city"
  >
    <option
      value="Choose any city"
    >
      Choose any city
    </option>
    <option
      value="Blagoevgrad"
    >
      Blagoevgrad
    </option>
    <option
      value="Burgas"
    >
      Burgas
    </option>
    <option
      value="Varna"
    >
      Varna
    </option>
    <option
      value="Veliko Turnovo"
    >
      Veliko Turnovo
    </option>
    <option
      value="Vidin"
    >
      Vidin
    </option>
    <option
      value="Vratsa"
    >
      Vratsa
    </option>
    <option
      value="Gabrovo"
    >
      Gabrovo
    </option>
    <option
      value="Dobrich"
    >
      Dobrich
    </option>
    <option
      value="Kardzhali"
    >
      Kardzhali
    </option>
    <option
      value="Kyustendil"
    >
      Kyustendil
    </option>
    <option
      value="Lovech"
    >
      Lovech
    </option>
    <option
      value="Montana"
    >
      Montana
    </option>
    <option
      value="Pazardzhik"
    >
      Pazardzhik
    </option>
    <option
      value="Pernik"
    >
      Pernik
    </option>
    <option
      value="Pleven"
    >
      Pleven
    </option>
    <option
      value="Plovdiv"
    >
      Plovdiv
    </option>
    <option
      value="Razgrad"
    >
      Razgrad
    </option>
    <option
      value="Ruse"
    >
      Ruse
    </option>
    <option
      value="Silistra"
    >
      Silistra
    </option>
    <option
      value="Sliven"
    >
      Sliven
    </option>
    <option
      value="Smolyan"
    >
      Smolyan
    </option>
    <option
      value="Sofia"
    >
      Sofia
    </option>
    <option
      value="Stara Zagora"
    >
      Stara Zagora
    </option>
    <option
      value="Targovishte"
    >
      Targovishte
    </option>
    <option
      value="Haskovo"
    >
      Haskovo
    </option>
    <option
      value="Shumen"
    >
      Shumen
    </option>
    <option
      value="Yambol"
    >
      Yambol
    </option>
  </select>
</div>
`;
